== test 2024-01 n_tr 8628 n_te 1445
   base_roll6 MAE 2.182 R2 +0.252
   base_roll12 MAE 2.167 R2 +0.288
   BASE RF  resid  MAE 2.087 R2 +0.304
   BASE RF  direct MAE 2.107 R2 +0.281
   BASE HGB resid  MAE 2.124 R2 +0.293
   BASE HGB direct MAE 2.107 R2 +0.265
   RICH RF  resid  MAE 2.043 R2 +0.345
   RICH RF  direct MAE 2.069 R2 +0.319
   RICH HGB resid  MAE 2.039 R2 +0.335
   RICH HGB direct MAE 2.046 R2 +0.324
== test 2025-01 n_tr 10073 n_te 1490
   base_roll6 MAE 2.212 R2 +0.474
   base_roll12 MAE 2.253 R2 +0.449
   BASE RF  resid  MAE 2.179 R2 +0.355
   BASE RF  direct MAE 2.160 R2 +0.359
   BASE HGB resid  MAE 2.140 R2 +0.384
   BASE HGB direct MAE 2.186 R2 +0.387
   RICH RF  resid  MAE 2.224 R2 +0.389
   RICH RF  direct MAE 2.235 R2 +0.377
   RICH HGB resid  MAE 2.096 R2 +0.466
   RICH HGB direct MAE 2.159 R2 +0.429
