done 2023-01
done 2023-07
done 2024-01
done 2024-07
done 2025-01
done 2025-07
fold              2023-01  2023-07  2024-01  2024-07  2025-01  2025-07
model                                                                 
BLEND_anchor        2.089    2.196    1.911    2.177    1.695    2.487
BLEND_anchor_adj    2.371    2.208    1.813    2.251    1.804    2.777
HGB_anchor          2.128    2.193    1.916    2.201    1.710    2.376
HGB_anchor_adj      2.421    2.259    1.812    2.308    1.817    2.673
RF_anchor           2.089    2.242    1.936    2.189    1.715    2.703
RF_anchor_adj       2.372    2.341    1.857    2.273    1.837    2.937
base_adj            2.496    2.354    2.045    3.336    1.942    2.666
base_roll12         1.995    2.077    2.054    2.281    1.888    2.597
base_roll6          2.252    2.227    1.950    2.415    1.917    2.490
                    MAE     R2   bias
model                                
HGB_anchor        2.087  0.373 -0.330
BLEND_anchor      2.093  0.366 -0.332
RF_anchor         2.146  0.325 -0.333
base_roll12       2.149  0.354 -0.174
BLEND_anchor_adj  2.204  0.304 -0.287
base_roll6        2.209  0.311 -0.171
HGB_anchor_adj    2.215  0.295 -0.279
RF_anchor_adj     2.269  0.267 -0.295
base_adj          2.473  0.187 -0.023
