=== Rolling-origin validation (mean MAE over folds, training period) ===
                       rf: 1.945 min
                      hgb: 1.997 min
  baseline:mean_12_months: 2.061 min
   baseline:mean_6_months: 2.083 min
      baseline:train_mean: 2.594 min
      baseline:last_month: 2.605 min

=== Held-out test: 2025-07 -> 2026-06 (1446 rows) ===
               model (rf): MAE 2.712  RMSE 3.702  R2 +0.406  bias -1.518
     baseline: train_mean: MAE 3.874  RMSE 5.490  R2 -0.306  bias -2.657
     baseline: last_month: MAE 3.165  RMSE 4.270  R2 +0.210  bias -0.417
  baseline: mean_6_months: MAE 2.800  RMSE 3.819  R2 +0.368  bias -0.954
 baseline: mean_12_months: MAE 2.798  RMSE 3.815  R2 +0.369  bias -1.476
-> +3.1% MAE vs best baseline (mean_12_months)

=== Permutation importance on the test set (MAE increase, min) ===
                           month: 0.793
                           roll6: 0.134
                        net_lag1: 0.123
               late_30_rate_lag1: 0.050
                     net_anomaly: 0.043
                            lag1: 0.030
               late_15_rate_lag1: 0.025
                            lag3: 0.017
                   duree_moyenne: 0.010
          late_arrival_rate_lag1: 0.008
